[golohtml.uxper.co/demo/home-countryguide.html]
[backblue.gif]
[fade.gif]
[index.html]
[golohtml.uxper.co/demo/images/favicon.ico]
[golohtml.uxper.co/demo/fonts/jost/stylesheet.css]
[golohtml.uxper.co/demo/fonts/cormorant_garamond/stylesheet.css]
[golohtml.uxper.co/demo/libs/fontawesome-pro/css/fontawesome.css]
[golohtml.uxper.co/demo/libs/line-awesome/css/line-awesome.min.css]
[golohtml.uxper.co/demo/libs/bootstrap/css/bootstrap.min.css]
[golohtml.uxper.co/demo/libs/slick/slick-theme.css]
[golohtml.uxper.co/demo/libs/slick/slick.css]
[golohtml.uxper.co/demo/libs/quilljs/css/quill.bubble.css]
[golohtml.uxper.co/demo/libs/quilljs/css/quill.core.css]
[golohtml.uxper.co/demo/libs/quilljs/css/quill.snow.css]
[golohtml.uxper.co/demo/libs/chosen/chosen.min.css]
[golohtml.uxper.co/demo/css/style.css]
[golohtml.uxper.co/demo/css/responsive.css]
[golohtml.uxper.co/demo/js/jquery-1.12.4.js]
[golohtml.uxper.co/demo/libs/popper/popper.js]
[golohtml.uxper.co/demo/libs/bootstrap/js/bootstrap.min.js]
[golohtml.uxper.co/demo/libs/slick/slick.min.js]
[golohtml.uxper.co/demo/libs/slick/jquery.zoom.min.js]
[golohtml.uxper.co/demo/libs/isotope/isotope.pkgd.min.js]
[golohtml.uxper.co/demo/libs/quilljs/js/quill.core.js]
[golohtml.uxper.co/demo/libs/chosen/chosen.jquery.min.js]
[golohtml.uxper.co/demo/libs/quilljs/js/quill.js]
[golohtml.uxper.co/demo/libs/waypoints/jquery.waypoints.min.js]
[golohtml.uxper.co/demo/js/main.js]
[golohtml.uxper.co/demo/city-details-1.html]
[golohtml.uxper.co/demo/home-restaurant.html]
[golohtml.uxper.co/demo/home-business.html]
[golohtml.uxper.co/demo/home-cityguide.html]
[golohtml.uxper.co/demo/home-workspaces.html]
[golohtml.uxper.co/demo/home-healthmedical.html]
[golohtml.uxper.co/demo/ex-half-map-1.html]
[golohtml.uxper.co/demo/ex-half-map-2.html]
[golohtml.uxper.co/demo/city-details-2.html]
[golohtml.uxper.co/demo/city-details-3.html]
[golohtml.uxper.co/demo/single-1.html]
[golohtml.uxper.co/demo/single-2.html]
[golohtml.uxper.co/demo/single-3.html]
[golohtml.uxper.co/demo/bk-booking-form.html]
[golohtml.uxper.co/demo/bk-enquiry-form.html]
[golohtml.uxper.co/demo/bk-affiliate-link.html]
[golohtml.uxper.co/demo/bk-banner-ads.html]
[golohtml.uxper.co/demo/about-us.html]
[golohtml.uxper.co/demo/faqs.html]
[golohtml.uxper.co/demo/app-landing.html]
[golohtml.uxper.co/demo/contact-us.html]
[golohtml.uxper.co/demo/add-place.html]
[golohtml.uxper.co/demo/pricing-plan.html]
[golohtml.uxper.co/demo/pricing-checkout.html]
[golohtml.uxper.co/demo/shop.html]
[golohtml.uxper.co/demo/shop-detail.html]
[golohtml.uxper.co/demo/blog-fullwidth.html]
[golohtml.uxper.co/demo/blog-right-sidebar.html]
[golohtml.uxper.co/demo/blog-detail.html]
[golohtml.uxper.co/demo/owner-dashboard.html]
[golohtml.uxper.co/demo/owner-page.html]
[golohtml.uxper.co/demo/construction.html]
[golohtml.uxper.co/demo/coming-soon.html]
[golohtml.uxper.co/demo/404.html]
[golohtml.uxper.co/demo/images/assets/logo.png]
[golohtml.uxper.co/demo/images/bg/bg-hero-4.jpg]
[golohtml.uxper.co/demo/images/bg/bg-hero-5.jpg]
[golohtml.uxper.co/demo/images/bg/bg-hero-6.jpg]
[golohtml.uxper.co/demo/images/explore-05.jpg]
[golohtml.uxper.co/demo/images/explore-01.jpg]
[golohtml.uxper.co/demo/images/explore-02.jpg]
[golohtml.uxper.co/demo/images/explore-04.jpg]
[golohtml.uxper.co/demo/images/listing/01.jpg]
[golohtml.uxper.co/demo/images/avatars/male-3.jpg]
[golohtml.uxper.co/demo/images/listing/02.jpg]
[golohtml.uxper.co/demo/images/avatars/male-2.jpg]
[golohtml.uxper.co/demo/images/listing/03.jpg]
[golohtml.uxper.co/demo/images/avatars/female-3.jpg]
[golohtml.uxper.co/demo/images/listing/04.jpg]
[golohtml.uxper.co/demo/images/avatars/male-4.jpg]
[golohtml.uxper.co/demo/images/listing/06.jpg]
[golohtml.uxper.co/demo/images/city/singapo.jpg]
[golohtml.uxper.co/demo/images/city/barca.jpg]
[golohtml.uxper.co/demo/images/city/angeles.jpg]
[golohtml.uxper.co/demo/images/city/amsterdam.jpg]
[golohtml.uxper.co/demo/images/city/tokyo.jpg]
[golohtml.uxper.co/demo/images/assets/quote.png]
[golohtml.uxper.co/demo/images/avatars/female-1.jpg]
[golohtml.uxper.co/demo/images/avatars/female-2.jpg]
[golohtml.uxper.co/demo/images/blog/thumb-01.jpg]
[golohtml.uxper.co/demo/images/blog/thumb-02.jpg]
[golohtml.uxper.co/demo/images/blog/thumb-03.jpg]
[golohtml.uxper.co/demo/01_index_1.html]
[golohtml.uxper.co/demo/images/assets/app-store.png]
[golohtml.uxper.co/demo/images/assets/google-play.png]
[golohtml.uxper.co/demo/06_about-us.html]
[golohtml.uxper.co/demo/07_blog-right-sidebar.html]
[golohtml.uxper.co/demo/15_faqs.html]
[golohtml.uxper.co/demo/09_contact-us.html]
[golohtml.uxper.co/demo/home-countryguide.html]
[golohtml.uxper.co/cdn-cgi/scripts/5c5dd728/cloudflare-static/email-decode.min.js]
[golohtml.uxper.co/demo/fonts/jost/Jost-BookItalic.woff2]
[golohtml.uxper.co/demo/fonts/jost/Jost-BookItalic.woff]
[golohtml.uxper.co/demo/fonts/jost/Jost-Semi.woff2]
[golohtml.uxper.co/demo/fonts/jost/Jost-Semi.woff]
[golohtml.uxper.co/demo/fonts/jost/Jost-Light.woff2]
[golohtml.uxper.co/demo/fonts/jost/Jost-Light.woff]
[golohtml.uxper.co/demo/fonts/jost/Jost-Bold.woff2]
[golohtml.uxper.co/demo/fonts/jost/Jost-Bold.woff]
[golohtml.uxper.co/demo/fonts/jost/Jost-Book.woff2]
[golohtml.uxper.co/demo/fonts/jost/Jost-Book.woff]
[golohtml.uxper.co/demo/fonts/jost/Jost-Medium.woff2]
[golohtml.uxper.co/demo/fonts/jost/Jost-Medium.woff]
[golohtml.uxper.co/demo/fonts/jost/stylesheet.css]
[golohtml.uxper.co/demo/fonts/cormorant_garamond/CormorantGaramond-BoldItalic.woff2]
[golohtml.uxper.co/demo/fonts/cormorant_garamond/CormorantGaramond-BoldItalic.woff]
[golohtml.uxper.co/demo/fonts/cormorant_garamond/CormorantGaramond-Italic.woff2]
[golohtml.uxper.co/demo/fonts/cormorant_garamond/CormorantGaramond-Italic.woff]
[golohtml.uxper.co/demo/fonts/cormorant_garamond/CormorantGaramond-Light.woff2]
[golohtml.uxper.co/demo/fonts/cormorant_garamond/CormorantGaramond-Light.woff]
[golohtml.uxper.co/demo/fonts/cormorant_garamond/CormorantGaramond-Bold.woff2]
[golohtml.uxper.co/demo/fonts/cormorant_garamond/CormorantGaramond-Bold.woff]
[golohtml.uxper.co/demo/fonts/cormorant_garamond/CormorantGaramond-LightItalic.woff2]
[golohtml.uxper.co/demo/fonts/cormorant_garamond/CormorantGaramond-LightItalic.woff]
[golohtml.uxper.co/demo/fonts/cormorant_garamond/CormorantGaramond-MediumItalic.woff2]
[golohtml.uxper.co/demo/fonts/cormorant_garamond/CormorantGaramond-MediumItalic.woff]
[golohtml.uxper.co/demo/fonts/cormorant_garamond/CormorantGaramond-Medium.woff2]
[golohtml.uxper.co/demo/fonts/cormorant_garamond/CormorantGaramond-Medium.woff]
[golohtml.uxper.co/demo/fonts/cormorant_garamond/CormorantGaramond-SemiBold.woff2]
[golohtml.uxper.co/demo/fonts/cormorant_garamond/CormorantGaramond-SemiBold.woff]
[golohtml.uxper.co/demo/fonts/cormorant_garamond/CormorantGaramond-Regular.woff2]
[golohtml.uxper.co/demo/fonts/cormorant_garamond/CormorantGaramond-Regular.woff]
[golohtml.uxper.co/demo/fonts/cormorant_garamond/CormorantGaramond-SemiBoldItalic.woff2]
[golohtml.uxper.co/demo/fonts/cormorant_garamond/CormorantGaramond-SemiBoldItalic.woff]
[golohtml.uxper.co/demo/fonts/cormorant_garamond/stylesheet.css]
[golohtml.uxper.co/demo/libs/fontawesome-pro/webfonts/fa-brands-400.eot]
[golohtml.uxper.co/demo/libs/fontawesome-pro/webfonts/fa-brands-400d41d.eot]
[golohtml.uxper.co/demo/libs/fontawesome-pro/webfonts/fa-brands-400.woff2]
[golohtml.uxper.co/demo/libs/fontawesome-pro/webfonts/fa-brands-400.woff]
[golohtml.uxper.co/demo/libs/fontawesome-pro/webfonts/fa-brands-400.ttf]
[golohtml.uxper.co/demo/libs/fontawesome-pro/webfonts/fa-brands-400.svg]
[golohtml.uxper.co/demo/libs/fontawesome-pro/webfonts/fa-light-300.eot]
[golohtml.uxper.co/demo/libs/fontawesome-pro/webfonts/fa-light-300d41d.eot]
[golohtml.uxper.co/demo/libs/fontawesome-pro/webfonts/fa-light-300.woff2]
[golohtml.uxper.co/demo/libs/fontawesome-pro/webfonts/fa-light-300.woff]
[golohtml.uxper.co/demo/libs/fontawesome-pro/webfonts/fa-light-300.ttf]
[golohtml.uxper.co/demo/libs/fontawesome-pro/webfonts/fa-light-300.svg]
[golohtml.uxper.co/demo/libs/fontawesome-pro/webfonts/fa-regular-400.eot]
[golohtml.uxper.co/demo/libs/fontawesome-pro/webfonts/fa-regular-400d41d.eot]
[golohtml.uxper.co/demo/libs/fontawesome-pro/webfonts/fa-regular-400.woff2]
[golohtml.uxper.co/demo/libs/fontawesome-pro/webfonts/fa-regular-400.woff]
[golohtml.uxper.co/demo/libs/fontawesome-pro/webfonts/fa-regular-400.ttf]
[golohtml.uxper.co/demo/libs/fontawesome-pro/webfonts/fa-regular-400.svg]
[golohtml.uxper.co/demo/libs/fontawesome-pro/webfonts/fa-solid-900.eot]
[golohtml.uxper.co/demo/libs/fontawesome-pro/webfonts/fa-solid-900.woff2]
[golohtml.uxper.co/demo/libs/fontawesome-pro/webfonts/fa-solid-900.woff]
[golohtml.uxper.co/demo/libs/fontawesome-pro/webfonts/fa-solid-900d41d.eot]
[golohtml.uxper.co/demo/libs/fontawesome-pro/webfonts/fa-solid-900.ttf]
[golohtml.uxper.co/demo/libs/fontawesome-pro/css/fontawesome.css]
[golohtml.uxper.co/demo/libs/fontawesome-pro/webfonts/fa-solid-900.svg]
[golohtml.uxper.co/demo/libs/line-awesome/fonts/la-brands-400.eot]
[golohtml.uxper.co/demo/libs/line-awesome/fonts/la-brands-400d41d.eot]
[golohtml.uxper.co/demo/libs/line-awesome/fonts/la-brands-400.woff2]
[golohtml.uxper.co/demo/libs/line-awesome/fonts/la-brands-400.woff]
[golohtml.uxper.co/demo/libs/line-awesome/fonts/la-brands-400.ttf]
[golohtml.uxper.co/demo/libs/line-awesome/fonts/la-brands-400.svg]
[golohtml.uxper.co/demo/libs/line-awesome/fonts/la-regular-400.eot]
[golohtml.uxper.co/demo/libs/line-awesome/fonts/la-regular-400d41d.eot]
[golohtml.uxper.co/demo/libs/line-awesome/fonts/la-regular-400.woff2]
[golohtml.uxper.co/demo/libs/line-awesome/fonts/la-regular-400.woff]
[golohtml.uxper.co/demo/libs/line-awesome/fonts/la-regular-400.ttf]
[golohtml.uxper.co/demo/libs/line-awesome/fonts/la-regular-400.svg]
[golohtml.uxper.co/demo/libs/line-awesome/fonts/la-solid-900.eot]
[golohtml.uxper.co/demo/libs/line-awesome/fonts/la-solid-900d41d.eot]
[golohtml.uxper.co/demo/libs/line-awesome/fonts/la-solid-900.woff2]
[golohtml.uxper.co/demo/libs/line-awesome/fonts/la-solid-900.woff]
[golohtml.uxper.co/demo/libs/line-awesome/fonts/la-solid-900.ttf]
[golohtml.uxper.co/demo/libs/line-awesome/css/line-awesome.min.css]
[golohtml.uxper.co/demo/libs/bootstrap/css/bootstrap.min.css]
[golohtml.uxper.co/demo/libs/slick/ajax-loader.gif]
[golohtml.uxper.co/demo/libs/line-awesome/fonts/la-solid-900.svg]
[golohtml.uxper.co/demo/libs/slick/fonts/slick.eot]
[golohtml.uxper.co/demo/libs/slick/fonts/slickd41d.eot]
[golohtml.uxper.co/demo/libs/slick/fonts/slick.woff]
[golohtml.uxper.co/demo/libs/slick/fonts/slick.ttf]
[golohtml.uxper.co/demo/libs/slick/slick-theme.css]
[golohtml.uxper.co/demo/libs/slick/slick.css]
[golohtml.uxper.co/demo/libs/quilljs/css/quill.bubble.css]
[golohtml.uxper.co/demo/libs/quilljs/css/quill.core.css]
[golohtml.uxper.co/demo/libs/quilljs/css/quill.snow.css]
[golohtml.uxper.co/demo/libs/slick/fonts/slick.svg]
[golohtml.uxper.co/demo/libs/chosen/chosen-sprite.png]
[golohtml.uxper.co/demo/libs/chosen/chosen-sprite@2x.png]
[golohtml.uxper.co/demo/libs/chosen/chosen.min.css]
[golohtml.uxper.co/demo/images/bg/bg-right.png]
[golohtml.uxper.co/demo/images/workspace/banner-line.png]
[golohtml.uxper.co/demo/images/assets/icon-close.svg]
[golohtml.uxper.co/demo/images/icon-close-12.svg]
[golohtml.uxper.co/demo/images/assets/mask-1.svg]
[golohtml.uxper.co/demo/images/assets/mask-2.svg]
[golohtml.uxper.co/demo/images/bg/bg-app-1.jpg]
[golohtml.uxper.co/demo/images/cilinic/banner-line.png]
[golohtml.uxper.co/demo/css/style.css]
[golohtml.uxper.co/demo/css/responsive.css]
[golohtml.uxper.co/demo/libs/datetimepicker/jquery.datetimepicker.min.css]
[golohtml.uxper.co/demo/libs/venobox/venobox.css]
[golohtml.uxper.co/demo/libs/datetimepicker/jquery.datetimepicker.full.min.js]
[golohtml.uxper.co/demo/libs/venobox/venobox.min.js]
[golohtml.uxper.co/demo/images/city/paris-lager.jpg]
[golohtml.uxper.co/demo/images/avatars/male-1.jpg]
[golohtml.uxper.co/demo/images/listing/05.jpg]
[golohtml.uxper.co/demo/images/listing/07.jpg]
[golohtml.uxper.co/demo/images/listing/08.jpg]
[golohtml.uxper.co/demo/images/avatars/female-4.jpg]
[golohtml.uxper.co/demo/city-details-1.html]
[golohtml.uxper.co/demo/js/map-listing.js]
[golohtml.uxper.co/demo/images/bg/bg-hero-1.jpg]
[golohtml.uxper.co/demo/images/bg/bg-hero-2.jpg]
[golohtml.uxper.co/demo/images/bg/bg-hero-3.jpg]
[golohtml.uxper.co/demo/images/listing/09.jpg]
[golohtml.uxper.co/demo/images/listing/gallery-06.jpg]
[golohtml.uxper.co/demo/images/listing/gallery-03.jpg]
[golohtml.uxper.co/demo/images/menu/pizza.jpg]
[golohtml.uxper.co/demo/images/menu/fastfood.png]
[golohtml.uxper.co/demo/images/menu/vegetables.jpg]
[golohtml.uxper.co/demo/images/menu/mexican.jpg]
[golohtml.uxper.co/demo/images/menu/italian.jpg]
[golohtml.uxper.co/demo/images/menu/japan.jpg]
[golohtml.uxper.co/demo/images/menu/vietnamese.jpg]
[golohtml.uxper.co/demo/images/city/chicago-small.jpg]
[golohtml.uxper.co/demo/images/city/losangeles-small.jpg]
[golohtml.uxper.co/demo/images/city/newyork-small.jpg]
[golohtml.uxper.co/demo/images/city/sandiego-small.jpg]
[golohtml.uxper.co/demo/images/city/san-fransico-small.jpg]
[golohtml.uxper.co/demo/images/bg/bg-join-us.jpg]
[golohtml.uxper.co/demo/images/assets/quote-active.png]
[golohtml.uxper.co/demo/images/blog/blog-01.jpg]
[golohtml.uxper.co/demo/02_city-details_1.html]
[golohtml.uxper.co/demo/images/blog/blog-02.jpg]
[golohtml.uxper.co/demo/images/blog/blog-03.jpg]
[golohtml.uxper.co/demo/home-restaurant.html]
[golohtml.uxper.co/demo/images/city/newyork.jpg]
[golohtml.uxper.co/demo/images/img_about_1.jpg]
[golohtml.uxper.co/demo/images/blog/thumb-05.jpg]
[golohtml.uxper.co/demo/images/blog/thumb-10.jpg]
[golohtml.uxper.co/demo/images/app-store.png]
[golohtml.uxper.co/demo/images/google-play.png]
[golohtml.uxper.co/demo/home-business.html]
[golohtml.uxper.co/demo/images/bg/top-banner.png]
[golohtml.uxper.co/demo/images/city/paris.jpg]
[golohtml.uxper.co/demo/images/city/sydney.jpg]
[golohtml.uxper.co/demo/images/blog/thumb-08.jpg]
[golohtml.uxper.co/demo/home-cityguide.html]
[golohtml.uxper.co/demo/images/workspace/banner.png]
[golohtml.uxper.co/demo/images/workspace/features-01.png]
[golohtml.uxper.co/demo/images/workspace/features-02.png]
[golohtml.uxper.co/demo/images/workspace/features-03.png]
[golohtml.uxper.co/demo/images/workspace/cat-01.jpg]
[golohtml.uxper.co/demo/images/workspace/cat-line-01.png]
[golohtml.uxper.co/demo/images/workspace/cat-02.jpg]
[golohtml.uxper.co/demo/images/workspace/cat-line-02.png]
[golohtml.uxper.co/demo/images/workspace/cat-03.jpg]
[golohtml.uxper.co/demo/images/workspace/cat-line-03.png]
[golohtml.uxper.co/demo/images/workspace/place-icon-01.png]
[golohtml.uxper.co/demo/images/workspace/place-icon-02.png]
[golohtml.uxper.co/demo/images/workspace/bg-world.png]
[golohtml.uxper.co/demo/images/workspace/city-01.jpg]
[golohtml.uxper.co/demo/images/workspace/city-02.jpg]
[golohtml.uxper.co/demo/images/workspace/city-03.jpg]
[golohtml.uxper.co/demo/images/workspace/city-04.jpg]
[golohtml.uxper.co/demo/images/workspace/city-05.jpg]
[golohtml.uxper.co/demo/images/workspace/city-06.jpg]
[golohtml.uxper.co/demo/images/workspace/desk-home.png]
[golohtml.uxper.co/demo/images/workspace/blog-01.jpg]
[golohtml.uxper.co/demo/images/workspace/blog-02.jpg]
[golohtml.uxper.co/demo/images/workspace/blog-03.jpg]
[golohtml.uxper.co/demo/home-workspaces.html]
[golohtml.uxper.co/demo/images/cilinic/main-banner.png]
[golohtml.uxper.co/demo/images/cilinic/cat-01.png]
[golohtml.uxper.co/demo/images/cilinic/cat-02.png]
[golohtml.uxper.co/demo/images/cilinic/cat-03.png]
[golohtml.uxper.co/demo/images/cilinic/listing-01.jpg]
[golohtml.uxper.co/demo/images/cilinic/listing-02.jpg]
[golohtml.uxper.co/demo/images/cilinic/listing-03.jpg]
[golohtml.uxper.co/demo/images/cilinic/listing-04.jpg]
[golohtml.uxper.co/demo/images/cilinic/covid-testing.png]
[golohtml.uxper.co/demo/images/cilinic/blog-01.jpg]
[golohtml.uxper.co/demo/images/cilinic/blog-02.jpg]
[golohtml.uxper.co/demo/images/cilinic/blog-03.jpg]
[golohtml.uxper.co/demo/home-healthmedical.html]
[golohtml.uxper.co/demo/ex-half-map-1.html]
[golohtml.uxper.co/demo/images/avatars/male-5.jpg]
[golohtml.uxper.co/demo/ex-half-map-2.html]
[golohtml.uxper.co/demo/city-details-2.html]
[golohtml.uxper.co/demo/maps-view.html]
[golohtml.uxper.co/demo/04_place-details-1.html]
[golohtml.uxper.co/demo/images/listing/gallery-02.jpg]
[golohtml.uxper.co/demo/images/listing/gallery-04.jpg]
[golohtml.uxper.co/demo/images/listing/gallery-05.jpg]
[golohtml.uxper.co/demo/city-details-3.html]
[golohtml.uxper.co/demo/images/listing/gallery-01.jpg]
[golohtml.uxper.co/demo/images/icons/amenities/wf.svg]
[golohtml.uxper.co/demo/images/icons/amenities/cld.svg]
[golohtml.uxper.co/demo/images/icons/amenities/card.svg]
[golohtml.uxper.co/demo/images/icons/amenities/smk.svg]
[golohtml.uxper.co/demo/images/icons/amenities/air.svg]
[golohtml.uxper.co/demo/images/icons/amenities/car.svg]
[golohtml.uxper.co/demo/images/icons/amenities/ct.svg]
[golohtml.uxper.co/demo/www.abcsite.com]
[golohtml.uxper.co/demo/fb.com/abc]
[golohtml.uxper.co/demo/instagram.com/abc]
[golohtml.uxper.co/demo/single-1.html]
[golohtml.uxper.co/demo/js/map-single.js]
[golohtml.uxper.co/demo/images/listing/large-01.jpg]
[golohtml.uxper.co/demo/single-2.html]
[golohtml.uxper.co/demo/images/menu/menu-01.jpg]
[golohtml.uxper.co/demo/images/menu/menu-02.jpg]
[golohtml.uxper.co/demo/images/menu/menu-03.jpg]
[golohtml.uxper.co/demo/images/menu/menu-04.jpg]
[golohtml.uxper.co/demo/single-3.html]
[golohtml.uxper.co/demo/bk-booking-form.html]
[golohtml.uxper.co/demo/bk-enquiry-form.html]
[golohtml.uxper.co/demo/images/listing/gallery-07.jpg]
[golohtml.uxper.co/demo/images/listing/gallery-08.jpg]
[golohtml.uxper.co/demo/images/listing/gallery-09.jpg]
[golohtml.uxper.co/demo/images/listing/gallery-10.jpg]
[golohtml.uxper.co/demo/bk-affiliate-link.html]
[golohtml.uxper.co/demo/images/ads.jpg]
[golohtml.uxper.co/demo/bk-banner-ads.html]
[golohtml.uxper.co/demo/images/bg/bg-about.png]
[golohtml.uxper.co/demo/images/about-2.jpg]
[golohtml.uxper.co/demo/images/people/people-1.jpg]
[golohtml.uxper.co/demo/images/people/people-2.jpg]
[golohtml.uxper.co/demo/images/people/people-3.jpg]
[golohtml.uxper.co/demo/images/people/people-4.jpg]
[golohtml.uxper.co/demo/about-us.html]
[golohtml.uxper.co/demo/images/bg/bg-404.png]
[golohtml.uxper.co/demo/faqs.html]
[golohtml.uxper.co/demo/images/icons/pelican.png]
[golohtml.uxper.co/demo/images/icons/island.png]
[golohtml.uxper.co/demo/images/icons/surf.png]
[golohtml.uxper.co/demo/images/features-01.jpg]
[golohtml.uxper.co/demo/images/features-02.jpg]
[golohtml.uxper.co/demo/images/features-03.jpg]
[golohtml.uxper.co/demo/images/bg/bg-app-2.jpg]
[golohtml.uxper.co/demo/app-landing.html]
[golohtml.uxper.co/demo/contact-us.html]
[golohtml.uxper.co/demo/images/no-image.png]
[golohtml.uxper.co/demo/add-place.html]
[golohtml.uxper.co/demo/images/bg/bg-checkout.png]
[golohtml.uxper.co/demo/images/illustrations/plan-1.png]
[golohtml.uxper.co/demo/images/illustrations/plan-2.png]
[golohtml.uxper.co/demo/images/illustrations/plan-3.png]
[golohtml.uxper.co/demo/images/assets/paypal.png]
[golohtml.uxper.co/demo/images/assets/stripe.png]
[golohtml.uxper.co/demo/images/assets/skrill.png]
[golohtml.uxper.co/demo/images/assets/master-card.png]
[golohtml.uxper.co/demo/pricing-plan.html]
[golohtml.uxper.co/demo/pricing-checkout.html]
[golohtml.uxper.co/demo/images/bg/bg-shop.png]
[golohtml.uxper.co/demo/images/shop/product-01.jpg]
[golohtml.uxper.co/demo/images/shop/product-02.jpg]
[golohtml.uxper.co/demo/images/shop/product-03.jpg]
[golohtml.uxper.co/demo/images/shop/product-04.jpg]
[golohtml.uxper.co/demo/images/shop/product-05.jpg]
[golohtml.uxper.co/demo/images/shop/product-06.jpg]
[golohtml.uxper.co/demo/images/shop/product-07.jpg]
[golohtml.uxper.co/demo/images/shop/product-08.jpg]
[golohtml.uxper.co/demo/shop.html]
[golohtml.uxper.co/demo/shop-detail.html]
[golohtml.uxper.co/demo/images/bg/bg-blog.png]
[golohtml.uxper.co/demo/images/blog/thumb-04.jpg]
[golohtml.uxper.co/demo/images/blog/thumb-06.jpg]
[golohtml.uxper.co/demo/images/blog/thumb-07.jpg]
[golohtml.uxper.co/demo/images/blog/thumb-09.jpg]
[golohtml.uxper.co/demo/images/blog/thumb-11.jpg]
[golohtml.uxper.co/demo/images/blog/thumb-12.jpg]
[golohtml.uxper.co/demo/blog-fullwidth.html]
[golohtml.uxper.co/demo/images/illustrations/subcribe.png]
[golohtml.uxper.co/demo/blog-right-sidebar.html]
[golohtml.uxper.co/demo/images/blog/large-01.jpg]
[golohtml.uxper.co/demo/blog-detail.html]
[golohtml.uxper.co/demo/owner-bookings.html]
[golohtml.uxper.co/demo/owner-listings.html]
[golohtml.uxper.co/demo/owner-wishlist.html]
[golohtml.uxper.co/demo/owner-profile.html]
[golohtml.uxper.co/demo/owner-dashboard.html]
[golohtml.uxper.co/demo/owner-page.html]
[golohtml.uxper.co/demo/images/assets/img-people.svg]
[golohtml.uxper.co/demo/construction.html]
[golohtml.uxper.co/demo/images/assets/cs-thumb.svg]
[golohtml.uxper.co/demo/images/bg/bg-coming.jpg]
[golohtml.uxper.co/demo/coming-soon.html]
[golohtml.uxper.co/demo/404.html]
[golohtml.uxper.co/demo/01_index_1.html]
[golohtml.uxper.co/demo/06_about-us.html]
[golohtml.uxper.co/demo/07_blog-right-sidebar.html]
[golohtml.uxper.co/demo/15_faqs.html]
[golohtml.uxper.co/demo/09_contact-us.html]
[golohtml.uxper.co/demo/libs/fontawesome-pro/webfonts/fa-brands-400.svg]
[golohtml.uxper.co/demo/libs/fontawesome-pro/webfonts/fa-light-300.svg]
[golohtml.uxper.co/demo/libs/fontawesome-pro/webfonts/fa-regular-400.svg]
[golohtml.uxper.co/demo/libs/fontawesome-pro/webfonts/fa-solid-900.svg]
[golohtml.uxper.co/demo/libs/line-awesome/fonts/la-brands-400.svg]
[golohtml.uxper.co/demo/libs/line-awesome/fonts/la-regular-400.svg]
[golohtml.uxper.co/demo/libs/line-awesome/fonts/la-solid-900.svg]
[golohtml.uxper.co/demo/libs/slick/fonts/slick.svg]
[golohtml.uxper.co/demo/libs/chosen/chosen-sprite.html]
[golohtml.uxper.co/demo/libs/chosen/chosen-sprite@2x.html]
[golohtml.uxper.co/demo/images/assets/icon-close.html]
[golohtml.uxper.co/demo/images/icon-close-12.html]
[golohtml.uxper.co/demo/images/assets/mask-1.svg]
[golohtml.uxper.co/demo/images/assets/mask-2.svg]
[golohtml.uxper.co/demo/libs/datetimepicker/jquery.datetimepicker.min.css]
[golohtml.uxper.co/demo/libs/venobox/venobox.css]
[golohtml.uxper.co/demo/02_city-details_1.html]
[golohtml.uxper.co/demo/maps-view.html]
[golohtml.uxper.co/demo/04_place-details-1.html]
[pinterest.com/pin/create/button/index6b58.html]
[golohtml.uxper.co/demo/images/icons/amenities/wf.svg]
[golohtml.uxper.co/demo/images/icons/amenities/cld.svg]
[golohtml.uxper.co/demo/images/icons/amenities/card.svg]
[golohtml.uxper.co/demo/images/icons/amenities/smk.svg]
[golohtml.uxper.co/demo/images/icons/amenities/air.svg]
[golohtml.uxper.co/demo/images/icons/amenities/car.svg]
[golohtml.uxper.co/demo/images/icons/amenities/ct.svg]
[golohtml.uxper.co/demo/www.abcsite.html]
[golohtml.uxper.co/demo/fb.com/abc.html]
[golohtml.uxper.co/demo/instagram.com/abc.html]
[golohtml.uxper.co/demo/owner-bookings.html]
[golohtml.uxper.co/demo/owner-listings.html]
[golohtml.uxper.co/demo/owner-wishlist.html]
[golohtml.uxper.co/demo/images/member-avatar.png]
[golohtml.uxper.co/demo/owner-profile.html]
[golohtml.uxper.co/demo/images/assets/img-people.svg]
[golohtml.uxper.co/demo/images/assets/cs-thumb.svg]
[pinterest.com/pin/create/button/index7cd0.html]
